------------------------------------------------------------
Timing Analyzer Summary
------------------------------------------------------------

Type  : Slow 1100mV 85C Model Setup 'KEY[0]'
Slack : 36.996
TNS   : 0.000

Type  : Slow 1100mV 85C Model Setup 'CLOCK_50'
Slack : 38.910
TNS   : 0.000

Type  : Slow 1100mV 85C Model Setup 'skeeballState:inst11|state[1]'
Slack : 83.137
TNS   : 0.000

Type  : Slow 1100mV 85C Model Setup 'clk50MHzto1Hz:inst13|my_MOD10:div10_1|pstate.J'
Slack : 122.282
TNS   : 0.000

Type  : Slow 1100mV 85C Model Setup 'clk50MHzto1Hz:inst13|my_MOD10:div10_6|pstate.J'
Slack : 122.364
TNS   : 0.000

Type  : Slow 1100mV 85C Model Setup 'clk50MHzto1Hz:inst13|my_MOD10:div10_3|pstate.J'
Slack : 122.520
TNS   : 0.000

Type  : Slow 1100mV 85C Model Setup 'clk50MHzto1Hz:inst13|my_MOD10:div10_4|pstate.J'
Slack : 122.537
TNS   : 0.000

Type  : Slow 1100mV 85C Model Setup 'clk50MHzto1Hz:inst13|my_MOD10:div10_2|pstate.J'
Slack : 122.567
TNS   : 0.000

Type  : Slow 1100mV 85C Model Setup 'clk50MHzto1Hz:inst13|my_MOD5:div5_1|pstate.E'
Slack : 122.672
TNS   : 0.000

Type  : Slow 1100mV 85C Model Setup 'clk50MHzto1Hz:inst13|my_MOD10:div10_5|pstate.J'
Slack : 122.743
TNS   : 0.000

Type  : Slow 1100mV 85C Model Setup 'clk50MHzto1Hz:inst13|my_MOD10:div10_7|pstate.J'
Slack : 247.354
TNS   : 0.000

Type  : Slow 1100mV 85C Model Hold 'CLOCK_50'
Slack : 0.374
TNS   : 0.000

Type  : Slow 1100mV 85C Model Hold 'clk50MHzto1Hz:inst13|my_MOD10:div10_3|pstate.J'
Slack : 0.444
TNS   : 0.000

Type  : Slow 1100mV 85C Model Hold 'clk50MHzto1Hz:inst13|my_MOD10:div10_5|pstate.J'
Slack : 0.493
TNS   : 0.000

Type  : Slow 1100mV 85C Model Hold 'clk50MHzto1Hz:inst13|my_MOD10:div10_2|pstate.J'
Slack : 0.518
TNS   : 0.000

Type  : Slow 1100mV 85C Model Hold 'clk50MHzto1Hz:inst13|my_MOD10:div10_4|pstate.J'
Slack : 0.526
TNS   : 0.000

Type  : Slow 1100mV 85C Model Hold 'clk50MHzto1Hz:inst13|my_MOD10:div10_1|pstate.J'
Slack : 0.537
TNS   : 0.000

Type  : Slow 1100mV 85C Model Hold 'clk50MHzto1Hz:inst13|my_MOD5:div5_1|pstate.E'
Slack : 0.539
TNS   : 0.000

Type  : Slow 1100mV 85C Model Hold 'clk50MHzto1Hz:inst13|my_MOD10:div10_6|pstate.J'
Slack : 0.600
TNS   : 0.000

Type  : Slow 1100mV 85C Model Hold 'clk50MHzto1Hz:inst13|my_MOD10:div10_7|pstate.J'
Slack : 0.952
TNS   : 0.000

Type  : Slow 1100mV 85C Model Hold 'skeeballState:inst11|state[1]'
Slack : 1.262
TNS   : 0.000

Type  : Slow 1100mV 85C Model Hold 'KEY[0]'
Slack : 1.371
TNS   : 0.000

Type  : Slow 1100mV 85C Model Recovery 'highforfive:inst14|myCount5:countforfive|laststate.s5'
Slack : 241.683
TNS   : 0.000

Type  : Slow 1100mV 85C Model Recovery 'clk50MHzto1Hz:inst13|my_MOD10:div10_7|pstate.J'
Slack : 241.986
TNS   : 0.000

Type  : Slow 1100mV 85C Model Recovery 'highforfive:inst15|myCount5:countforfive|laststate.s5'
Slack : 243.551
TNS   : 0.000

Type  : Slow 1100mV 85C Model Removal 'highforfive:inst15|myCount5:countforfive|laststate.s5'
Slack : 1.019
TNS   : 0.000

Type  : Slow 1100mV 85C Model Removal 'clk50MHzto1Hz:inst13|my_MOD10:div10_7|pstate.J'
Slack : 1.221
TNS   : 0.000

Type  : Slow 1100mV 85C Model Removal 'highforfive:inst14|myCount5:countforfive|laststate.s5'
Slack : 1.691
TNS   : 0.000

Type  : Slow 1100mV 85C Model Minimum Pulse Width 'CLOCK_50'
Slack : 124.013
TNS   : 0.000

Type  : Slow 1100mV 85C Model Minimum Pulse Width 'clk50MHzto1Hz:inst13|my_MOD10:div10_1|pstate.J'
Slack : 124.292
TNS   : 0.000

Type  : Slow 1100mV 85C Model Minimum Pulse Width 'clk50MHzto1Hz:inst13|my_MOD10:div10_6|pstate.J'
Slack : 124.367
TNS   : 0.000

Type  : Slow 1100mV 85C Model Minimum Pulse Width 'clk50MHzto1Hz:inst13|my_MOD10:div10_3|pstate.J'
Slack : 124.386
TNS   : 0.000

Type  : Slow 1100mV 85C Model Minimum Pulse Width 'clk50MHzto1Hz:inst13|my_MOD10:div10_4|pstate.J'
Slack : 124.397
TNS   : 0.000

Type  : Slow 1100mV 85C Model Minimum Pulse Width 'highforfive:inst14|myCount5:countforfive|laststate.s5'
Slack : 124.397
TNS   : 0.000

Type  : Slow 1100mV 85C Model Minimum Pulse Width 'clk50MHzto1Hz:inst13|my_MOD10:div10_5|pstate.J'
Slack : 124.404
TNS   : 0.000

Type  : Slow 1100mV 85C Model Minimum Pulse Width 'highforfive:inst15|myCount5:countforfive|laststate.s5'
Slack : 124.406
TNS   : 0.000

Type  : Slow 1100mV 85C Model Minimum Pulse Width 'clk50MHzto1Hz:inst13|my_MOD5:div5_1|pstate.E'
Slack : 124.407
TNS   : 0.000

Type  : Slow 1100mV 85C Model Minimum Pulse Width 'clk50MHzto1Hz:inst13|my_MOD10:div10_2|pstate.J'
Slack : 124.416
TNS   : 0.000

Type  : Slow 1100mV 85C Model Minimum Pulse Width 'clk50MHzto1Hz:inst13|my_MOD10:div10_7|pstate.J'
Slack : 124.419
TNS   : 0.000

Type  : Slow 1100mV 85C Model Minimum Pulse Width 'KEY[0]'
Slack : 198.974
TNS   : 0.000

Type  : Slow 1100mV 85C Model Minimum Pulse Width 'skeeballState:inst11|state[1]'
Slack : 249.296
TNS   : 0.000

Type  : Slow 1100mV 0C Model Setup 'KEY[0]'
Slack : 37.472
TNS   : 0.000

Type  : Slow 1100mV 0C Model Setup 'CLOCK_50'
Slack : 39.664
TNS   : 0.000

Type  : Slow 1100mV 0C Model Setup 'skeeballState:inst11|state[1]'
Slack : 83.762
TNS   : 0.000

Type  : Slow 1100mV 0C Model Setup 'clk50MHzto1Hz:inst13|my_MOD10:div10_1|pstate.J'
Slack : 122.271
TNS   : 0.000

Type  : Slow 1100mV 0C Model Setup 'clk50MHzto1Hz:inst13|my_MOD10:div10_6|pstate.J'
Slack : 122.353
TNS   : 0.000

Type  : Slow 1100mV 0C Model Setup 'clk50MHzto1Hz:inst13|my_MOD10:div10_3|pstate.J'
Slack : 122.512
TNS   : 0.000

Type  : Slow 1100mV 0C Model Setup 'clk50MHzto1Hz:inst13|my_MOD10:div10_4|pstate.J'
Slack : 122.551
TNS   : 0.000

Type  : Slow 1100mV 0C Model Setup 'clk50MHzto1Hz:inst13|my_MOD10:div10_2|pstate.J'
Slack : 122.577
TNS   : 0.000

Type  : Slow 1100mV 0C Model Setup 'clk50MHzto1Hz:inst13|my_MOD5:div5_1|pstate.E'
Slack : 122.668
TNS   : 0.000

Type  : Slow 1100mV 0C Model Setup 'clk50MHzto1Hz:inst13|my_MOD10:div10_5|pstate.J'
Slack : 122.718
TNS   : 0.000

Type  : Slow 1100mV 0C Model Setup 'clk50MHzto1Hz:inst13|my_MOD10:div10_7|pstate.J'
Slack : 247.417
TNS   : 0.000

Type  : Slow 1100mV 0C Model Hold 'CLOCK_50'
Slack : 0.379
TNS   : 0.000

Type  : Slow 1100mV 0C Model Hold 'clk50MHzto1Hz:inst13|my_MOD10:div10_3|pstate.J'
Slack : 0.485
TNS   : 0.000

Type  : Slow 1100mV 0C Model Hold 'clk50MHzto1Hz:inst13|my_MOD10:div10_2|pstate.J'
Slack : 0.493
TNS   : 0.000

Type  : Slow 1100mV 0C Model Hold 'clk50MHzto1Hz:inst13|my_MOD10:div10_5|pstate.J'
Slack : 0.532
TNS   : 0.000

Type  : Slow 1100mV 0C Model Hold 'clk50MHzto1Hz:inst13|my_MOD10:div10_4|pstate.J'
Slack : 0.545
TNS   : 0.000

Type  : Slow 1100mV 0C Model Hold 'clk50MHzto1Hz:inst13|my_MOD5:div5_1|pstate.E'
Slack : 0.556
TNS   : 0.000

Type  : Slow 1100mV 0C Model Hold 'clk50MHzto1Hz:inst13|my_MOD10:div10_1|pstate.J'
Slack : 0.574
TNS   : 0.000

Type  : Slow 1100mV 0C Model Hold 'clk50MHzto1Hz:inst13|my_MOD10:div10_6|pstate.J'
Slack : 0.641
TNS   : 0.000

Type  : Slow 1100mV 0C Model Hold 'clk50MHzto1Hz:inst13|my_MOD10:div10_7|pstate.J'
Slack : 0.896
TNS   : 0.000

Type  : Slow 1100mV 0C Model Hold 'skeeballState:inst11|state[1]'
Slack : 1.204
TNS   : 0.000

Type  : Slow 1100mV 0C Model Hold 'KEY[0]'
Slack : 1.258
TNS   : 0.000

Type  : Slow 1100mV 0C Model Recovery 'highforfive:inst14|myCount5:countforfive|laststate.s5'
Slack : 241.780
TNS   : 0.000

Type  : Slow 1100mV 0C Model Recovery 'clk50MHzto1Hz:inst13|my_MOD10:div10_7|pstate.J'
Slack : 242.078
TNS   : 0.000

Type  : Slow 1100mV 0C Model Recovery 'highforfive:inst15|myCount5:countforfive|laststate.s5'
Slack : 243.558
TNS   : 0.000

Type  : Slow 1100mV 0C Model Removal 'highforfive:inst15|myCount5:countforfive|laststate.s5'
Slack : 1.010
TNS   : 0.000

Type  : Slow 1100mV 0C Model Removal 'clk50MHzto1Hz:inst13|my_MOD10:div10_7|pstate.J'
Slack : 1.054
TNS   : 0.000

Type  : Slow 1100mV 0C Model Removal 'highforfive:inst14|myCount5:countforfive|laststate.s5'
Slack : 1.574
TNS   : 0.000

Type  : Slow 1100mV 0C Model Minimum Pulse Width 'CLOCK_50'
Slack : 123.984
TNS   : 0.000

Type  : Slow 1100mV 0C Model Minimum Pulse Width 'clk50MHzto1Hz:inst13|my_MOD10:div10_1|pstate.J'
Slack : 124.297
TNS   : 0.000

Type  : Slow 1100mV 0C Model Minimum Pulse Width 'clk50MHzto1Hz:inst13|my_MOD10:div10_6|pstate.J'
Slack : 124.364
TNS   : 0.000

Type  : Slow 1100mV 0C Model Minimum Pulse Width 'highforfive:inst14|myCount5:countforfive|laststate.s5'
Slack : 124.369
TNS   : 0.000

Type  : Slow 1100mV 0C Model Minimum Pulse Width 'clk50MHzto1Hz:inst13|my_MOD5:div5_1|pstate.E'
Slack : 124.388
TNS   : 0.000

Type  : Slow 1100mV 0C Model Minimum Pulse Width 'clk50MHzto1Hz:inst13|my_MOD10:div10_3|pstate.J'
Slack : 124.389
TNS   : 0.000

Type  : Slow 1100mV 0C Model Minimum Pulse Width 'clk50MHzto1Hz:inst13|my_MOD10:div10_4|pstate.J'
Slack : 124.391
TNS   : 0.000

Type  : Slow 1100mV 0C Model Minimum Pulse Width 'clk50MHzto1Hz:inst13|my_MOD10:div10_5|pstate.J'
Slack : 124.392
TNS   : 0.000

Type  : Slow 1100mV 0C Model Minimum Pulse Width 'clk50MHzto1Hz:inst13|my_MOD10:div10_7|pstate.J'
Slack : 124.392
TNS   : 0.000

Type  : Slow 1100mV 0C Model Minimum Pulse Width 'highforfive:inst15|myCount5:countforfive|laststate.s5'
Slack : 124.398
TNS   : 0.000

Type  : Slow 1100mV 0C Model Minimum Pulse Width 'clk50MHzto1Hz:inst13|my_MOD10:div10_2|pstate.J'
Slack : 124.419
TNS   : 0.000

Type  : Slow 1100mV 0C Model Minimum Pulse Width 'KEY[0]'
Slack : 198.956
TNS   : 0.000

Type  : Slow 1100mV 0C Model Minimum Pulse Width 'skeeballState:inst11|state[1]'
Slack : 249.322
TNS   : 0.000

Type  : Fast 1100mV 85C Model Setup 'KEY[0]'
Slack : 40.179
TNS   : 0.000

Type  : Fast 1100mV 85C Model Setup 'CLOCK_50'
Slack : 42.388
TNS   : 0.000

Type  : Fast 1100mV 85C Model Setup 'skeeballState:inst11|state[1]'
Slack : 88.921
TNS   : 0.000

Type  : Fast 1100mV 85C Model Setup 'clk50MHzto1Hz:inst13|my_MOD10:div10_1|pstate.J'
Slack : 122.920
TNS   : 0.000

Type  : Fast 1100mV 85C Model Setup 'clk50MHzto1Hz:inst13|my_MOD10:div10_6|pstate.J'
Slack : 122.967
TNS   : 0.000

Type  : Fast 1100mV 85C Model Setup 'clk50MHzto1Hz:inst13|my_MOD10:div10_4|pstate.J'
Slack : 123.024
TNS   : 0.000

Type  : Fast 1100mV 85C Model Setup 'clk50MHzto1Hz:inst13|my_MOD10:div10_3|pstate.J'
Slack : 123.067
TNS   : 0.000

Type  : Fast 1100mV 85C Model Setup 'clk50MHzto1Hz:inst13|my_MOD10:div10_2|pstate.J'
Slack : 123.082
TNS   : 0.000

Type  : Fast 1100mV 85C Model Setup 'clk50MHzto1Hz:inst13|my_MOD5:div5_1|pstate.E'
Slack : 123.265
TNS   : 0.000

Type  : Fast 1100mV 85C Model Setup 'clk50MHzto1Hz:inst13|my_MOD10:div10_5|pstate.J'
Slack : 123.272
TNS   : 0.000

Type  : Fast 1100mV 85C Model Setup 'clk50MHzto1Hz:inst13|my_MOD10:div10_7|pstate.J'
Slack : 248.096
TNS   : 0.000

Type  : Fast 1100mV 85C Model Hold 'CLOCK_50'
Slack : 0.182
TNS   : 0.000

Type  : Fast 1100mV 85C Model Hold 'clk50MHzto1Hz:inst13|my_MOD10:div10_3|pstate.J'
Slack : 0.189
TNS   : 0.000

Type  : Fast 1100mV 85C Model Hold 'clk50MHzto1Hz:inst13|my_MOD5:div5_1|pstate.E'
Slack : 0.193
TNS   : 0.000

Type  : Fast 1100mV 85C Model Hold 'clk50MHzto1Hz:inst13|my_MOD10:div10_5|pstate.J'
Slack : 0.197
TNS   : 0.000

Type  : Fast 1100mV 85C Model Hold 'clk50MHzto1Hz:inst13|my_MOD10:div10_1|pstate.J'
Slack : 0.236
TNS   : 0.000

Type  : Fast 1100mV 85C Model Hold 'clk50MHzto1Hz:inst13|my_MOD10:div10_2|pstate.J'
Slack : 0.240
TNS   : 0.000

Type  : Fast 1100mV 85C Model Hold 'clk50MHzto1Hz:inst13|my_MOD10:div10_6|pstate.J'
Slack : 0.288
TNS   : 0.000

Type  : Fast 1100mV 85C Model Hold 'clk50MHzto1Hz:inst13|my_MOD10:div10_4|pstate.J'
Slack : 0.291
TNS   : 0.000

Type  : Fast 1100mV 85C Model Hold 'clk50MHzto1Hz:inst13|my_MOD10:div10_7|pstate.J'
Slack : 0.485
TNS   : 0.000

Type  : Fast 1100mV 85C Model Hold 'skeeballState:inst11|state[1]'
Slack : 0.686
TNS   : 0.000

Type  : Fast 1100mV 85C Model Hold 'KEY[0]'
Slack : 1.027
TNS   : 0.000

Type  : Fast 1100mV 85C Model Recovery 'highforfive:inst14|myCount5:countforfive|laststate.s5'
Slack : 244.748
TNS   : 0.000

Type  : Fast 1100mV 85C Model Recovery 'clk50MHzto1Hz:inst13|my_MOD10:div10_7|pstate.J'
Slack : 244.917
TNS   : 0.000

Type  : Fast 1100mV 85C Model Recovery 'highforfive:inst15|myCount5:countforfive|laststate.s5'
Slack : 245.956
TNS   : 0.000

Type  : Fast 1100mV 85C Model Removal 'highforfive:inst15|myCount5:countforfive|laststate.s5'
Slack : 0.550
TNS   : 0.000

Type  : Fast 1100mV 85C Model Removal 'clk50MHzto1Hz:inst13|my_MOD10:div10_7|pstate.J'
Slack : 0.719
TNS   : 0.000

Type  : Fast 1100mV 85C Model Removal 'highforfive:inst14|myCount5:countforfive|laststate.s5'
Slack : 0.960
TNS   : 0.000

Type  : Fast 1100mV 85C Model Minimum Pulse Width 'CLOCK_50'
Slack : 123.986
TNS   : 0.000

Type  : Fast 1100mV 85C Model Minimum Pulse Width 'clk50MHzto1Hz:inst13|my_MOD10:div10_1|pstate.J'
Slack : 124.510
TNS   : 0.000

Type  : Fast 1100mV 85C Model Minimum Pulse Width 'clk50MHzto1Hz:inst13|my_MOD10:div10_6|pstate.J'
Slack : 124.588
TNS   : 0.000

Type  : Fast 1100mV 85C Model Minimum Pulse Width 'clk50MHzto1Hz:inst13|my_MOD10:div10_3|pstate.J'
Slack : 124.599
TNS   : 0.000

Type  : Fast 1100mV 85C Model Minimum Pulse Width 'clk50MHzto1Hz:inst13|my_MOD10:div10_2|pstate.J'
Slack : 124.625
TNS   : 0.000

Type  : Fast 1100mV 85C Model Minimum Pulse Width 'clk50MHzto1Hz:inst13|my_MOD10:div10_4|pstate.J'
Slack : 124.636
TNS   : 0.000

Type  : Fast 1100mV 85C Model Minimum Pulse Width 'clk50MHzto1Hz:inst13|my_MOD10:div10_5|pstate.J'
Slack : 124.644
TNS   : 0.000

Type  : Fast 1100mV 85C Model Minimum Pulse Width 'clk50MHzto1Hz:inst13|my_MOD10:div10_7|pstate.J'
Slack : 124.644
TNS   : 0.000

Type  : Fast 1100mV 85C Model Minimum Pulse Width 'clk50MHzto1Hz:inst13|my_MOD5:div5_1|pstate.E'
Slack : 124.645
TNS   : 0.000

Type  : Fast 1100mV 85C Model Minimum Pulse Width 'highforfive:inst14|myCount5:countforfive|laststate.s5'
Slack : 124.654
TNS   : 0.000

Type  : Fast 1100mV 85C Model Minimum Pulse Width 'highforfive:inst15|myCount5:countforfive|laststate.s5'
Slack : 124.666
TNS   : 0.000

Type  : Fast 1100mV 85C Model Minimum Pulse Width 'KEY[0]'
Slack : 198.912
TNS   : 0.000

Type  : Fast 1100mV 85C Model Minimum Pulse Width 'skeeballState:inst11|state[1]'
Slack : 249.522
TNS   : 0.000

Type  : Fast 1100mV 0C Model Setup 'KEY[0]'
Slack : 41.483
TNS   : 0.000

Type  : Fast 1100mV 0C Model Setup 'CLOCK_50'
Slack : 43.425
TNS   : 0.000

Type  : Fast 1100mV 0C Model Setup 'skeeballState:inst11|state[1]'
Slack : 90.102
TNS   : 0.000

Type  : Fast 1100mV 0C Model Setup 'clk50MHzto1Hz:inst13|my_MOD10:div10_1|pstate.J'
Slack : 123.114
TNS   : 0.000

Type  : Fast 1100mV 0C Model Setup 'clk50MHzto1Hz:inst13|my_MOD10:div10_6|pstate.J'
Slack : 123.146
TNS   : 0.000

Type  : Fast 1100mV 0C Model Setup 'clk50MHzto1Hz:inst13|my_MOD10:div10_4|pstate.J'
Slack : 123.204
TNS   : 0.000

Type  : Fast 1100mV 0C Model Setup 'clk50MHzto1Hz:inst13|my_MOD10:div10_3|pstate.J'
Slack : 123.242
TNS   : 0.000

Type  : Fast 1100mV 0C Model Setup 'clk50MHzto1Hz:inst13|my_MOD10:div10_2|pstate.J'
Slack : 123.254
TNS   : 0.000

Type  : Fast 1100mV 0C Model Setup 'clk50MHzto1Hz:inst13|my_MOD5:div5_1|pstate.E'
Slack : 123.404
TNS   : 0.000

Type  : Fast 1100mV 0C Model Setup 'clk50MHzto1Hz:inst13|my_MOD10:div10_5|pstate.J'
Slack : 123.406
TNS   : 0.000

Type  : Fast 1100mV 0C Model Setup 'clk50MHzto1Hz:inst13|my_MOD10:div10_7|pstate.J'
Slack : 248.252
TNS   : 0.000

Type  : Fast 1100mV 0C Model Hold 'clk50MHzto1Hz:inst13|my_MOD5:div5_1|pstate.E'
Slack : 0.152
TNS   : 0.000

Type  : Fast 1100mV 0C Model Hold 'clk50MHzto1Hz:inst13|my_MOD10:div10_3|pstate.J'
Slack : 0.153
TNS   : 0.000

Type  : Fast 1100mV 0C Model Hold 'clk50MHzto1Hz:inst13|my_MOD10:div10_5|pstate.J'
Slack : 0.163
TNS   : 0.000

Type  : Fast 1100mV 0C Model Hold 'clk50MHzto1Hz:inst13|my_MOD10:div10_2|pstate.J'
Slack : 0.164
TNS   : 0.000

Type  : Fast 1100mV 0C Model Hold 'CLOCK_50'
Slack : 0.171
TNS   : 0.000

Type  : Fast 1100mV 0C Model Hold 'clk50MHzto1Hz:inst13|my_MOD10:div10_1|pstate.J'
Slack : 0.192
TNS   : 0.000

Type  : Fast 1100mV 0C Model Hold 'clk50MHzto1Hz:inst13|my_MOD10:div10_4|pstate.J'
Slack : 0.236
TNS   : 0.000

Type  : Fast 1100mV 0C Model Hold 'clk50MHzto1Hz:inst13|my_MOD10:div10_6|pstate.J'
Slack : 0.237
TNS   : 0.000

Type  : Fast 1100mV 0C Model Hold 'clk50MHzto1Hz:inst13|my_MOD10:div10_7|pstate.J'
Slack : 0.441
TNS   : 0.000

Type  : Fast 1100mV 0C Model Hold 'skeeballState:inst11|state[1]'
Slack : 0.607
TNS   : 0.000

Type  : Fast 1100mV 0C Model Hold 'KEY[0]'
Slack : 0.896
TNS   : 0.000

Type  : Fast 1100mV 0C Model Recovery 'highforfive:inst14|myCount5:countforfive|laststate.s5'
Slack : 245.140
TNS   : 0.000

Type  : Fast 1100mV 0C Model Recovery 'clk50MHzto1Hz:inst13|my_MOD10:div10_7|pstate.J'
Slack : 245.295
TNS   : 0.000

Type  : Fast 1100mV 0C Model Recovery 'highforfive:inst15|myCount5:countforfive|laststate.s5'
Slack : 246.182
TNS   : 0.000

Type  : Fast 1100mV 0C Model Removal 'highforfive:inst15|myCount5:countforfive|laststate.s5'
Slack : 0.474
TNS   : 0.000

Type  : Fast 1100mV 0C Model Removal 'clk50MHzto1Hz:inst13|my_MOD10:div10_7|pstate.J'
Slack : 0.556
TNS   : 0.000

Type  : Fast 1100mV 0C Model Removal 'highforfive:inst14|myCount5:countforfive|laststate.s5'
Slack : 0.797
TNS   : 0.000

Type  : Fast 1100mV 0C Model Minimum Pulse Width 'CLOCK_50'
Slack : 123.990
TNS   : 0.000

Type  : Fast 1100mV 0C Model Minimum Pulse Width 'clk50MHzto1Hz:inst13|my_MOD10:div10_1|pstate.J'
Slack : 124.539
TNS   : 0.000

Type  : Fast 1100mV 0C Model Minimum Pulse Width 'clk50MHzto1Hz:inst13|my_MOD10:div10_6|pstate.J'
Slack : 124.601
TNS   : 0.000

Type  : Fast 1100mV 0C Model Minimum Pulse Width 'clk50MHzto1Hz:inst13|my_MOD10:div10_3|pstate.J'
Slack : 124.615
TNS   : 0.000

Type  : Fast 1100mV 0C Model Minimum Pulse Width 'clk50MHzto1Hz:inst13|my_MOD10:div10_2|pstate.J'
Slack : 124.633
TNS   : 0.000

Type  : Fast 1100mV 0C Model Minimum Pulse Width 'clk50MHzto1Hz:inst13|my_MOD10:div10_7|pstate.J'
Slack : 124.637
TNS   : 0.000

Type  : Fast 1100mV 0C Model Minimum Pulse Width 'clk50MHzto1Hz:inst13|my_MOD10:div10_4|pstate.J'
Slack : 124.642
TNS   : 0.000

Type  : Fast 1100mV 0C Model Minimum Pulse Width 'clk50MHzto1Hz:inst13|my_MOD10:div10_5|pstate.J'
Slack : 124.644
TNS   : 0.000

Type  : Fast 1100mV 0C Model Minimum Pulse Width 'clk50MHzto1Hz:inst13|my_MOD5:div5_1|pstate.E'
Slack : 124.644
TNS   : 0.000

Type  : Fast 1100mV 0C Model Minimum Pulse Width 'highforfive:inst14|myCount5:countforfive|laststate.s5'
Slack : 124.647
TNS   : 0.000

Type  : Fast 1100mV 0C Model Minimum Pulse Width 'highforfive:inst15|myCount5:countforfive|laststate.s5'
Slack : 124.664
TNS   : 0.000

Type  : Fast 1100mV 0C Model Minimum Pulse Width 'KEY[0]'
Slack : 198.930
TNS   : 0.000

Type  : Fast 1100mV 0C Model Minimum Pulse Width 'skeeballState:inst11|state[1]'
Slack : 249.559
TNS   : 0.000

------------------------------------------------------------
