------------------------------------------------------------
Timing Analyzer Summary
------------------------------------------------------------

Type  : Slow 1100mV 85C Model Setup 'skeeballState:inst11|state[1]'
Slack : -3.082
TNS   : -25.080

Type  : Slow 1100mV 85C Model Setup 'KEY[0]'
Slack : 0.815
TNS   : 0.000

Type  : Slow 1100mV 85C Model Setup 'CLOCK_50'
Slack : 1.178
TNS   : 0.000

Type  : Slow 1100mV 85C Model Setup 'clk50MHzto1Hz:inst13|my_MOD10:div10_6|pstate.J'
Slack : 7.406
TNS   : 0.000

Type  : Slow 1100mV 85C Model Setup 'clk50MHzto1Hz:inst13|my_MOD10:div10_1|pstate.J'
Slack : 7.454
TNS   : 0.000

Type  : Slow 1100mV 85C Model Setup 'clk50MHzto1Hz:inst13|my_MOD10:div10_5|pstate.J'
Slack : 7.460
TNS   : 0.000

Type  : Slow 1100mV 85C Model Setup 'clk50MHzto1Hz:inst13|my_MOD10:div10_2|pstate.J'
Slack : 7.552
TNS   : 0.000

Type  : Slow 1100mV 85C Model Setup 'clk50MHzto1Hz:inst13|my_MOD5:div5_1|pstate.E'
Slack : 7.565
TNS   : 0.000

Type  : Slow 1100mV 85C Model Setup 'clk50MHzto1Hz:inst13|my_MOD10:div10_3|pstate.J'
Slack : 7.610
TNS   : 0.000

Type  : Slow 1100mV 85C Model Setup 'clk50MHzto1Hz:inst13|my_MOD10:div10_4|pstate.J'
Slack : 7.667
TNS   : 0.000

Type  : Slow 1100mV 85C Model Setup 'clk50MHzto1Hz:inst13|my_MOD10:div10_7|pstate.J'
Slack : 17.470
TNS   : 0.000

Type  : Slow 1100mV 85C Model Hold 'CLOCK_50'
Slack : 0.373
TNS   : 0.000

Type  : Slow 1100mV 85C Model Hold 'clk50MHzto1Hz:inst13|my_MOD10:div10_3|pstate.J'
Slack : 0.457
TNS   : 0.000

Type  : Slow 1100mV 85C Model Hold 'clk50MHzto1Hz:inst13|my_MOD10:div10_2|pstate.J'
Slack : 0.473
TNS   : 0.000

Type  : Slow 1100mV 85C Model Hold 'clk50MHzto1Hz:inst13|my_MOD10:div10_6|pstate.J'
Slack : 0.482
TNS   : 0.000

Type  : Slow 1100mV 85C Model Hold 'clk50MHzto1Hz:inst13|my_MOD10:div10_4|pstate.J'
Slack : 0.520
TNS   : 0.000

Type  : Slow 1100mV 85C Model Hold 'clk50MHzto1Hz:inst13|my_MOD5:div5_1|pstate.E'
Slack : 0.530
TNS   : 0.000

Type  : Slow 1100mV 85C Model Hold 'clk50MHzto1Hz:inst13|my_MOD10:div10_1|pstate.J'
Slack : 0.552
TNS   : 0.000

Type  : Slow 1100mV 85C Model Hold 'clk50MHzto1Hz:inst13|my_MOD10:div10_5|pstate.J'
Slack : 0.574
TNS   : 0.000

Type  : Slow 1100mV 85C Model Hold 'KEY[0]'
Slack : 0.807
TNS   : 0.000

Type  : Slow 1100mV 85C Model Hold 'clk50MHzto1Hz:inst13|my_MOD10:div10_7|pstate.J'
Slack : 0.925
TNS   : 0.000

Type  : Slow 1100mV 85C Model Hold 'skeeballState:inst11|state[1]'
Slack : 0.949
TNS   : 0.000

Type  : Slow 1100mV 85C Model Recovery 'clk50MHzto1Hz:inst13|my_MOD10:div10_7|pstate.J'
Slack : 13.425
TNS   : 0.000

Type  : Slow 1100mV 85C Model Recovery 'highforfive:inst15|myCount5:countforfive|laststate.s5'
Slack : 33.318
TNS   : 0.000

Type  : Slow 1100mV 85C Model Recovery 'highforfive:inst14|myCount5:countforfive|laststate.s5'
Slack : 34.173
TNS   : 0.000

Type  : Slow 1100mV 85C Model Removal 'highforfive:inst14|myCount5:countforfive|laststate.s5'
Slack : 0.922
TNS   : 0.000

Type  : Slow 1100mV 85C Model Removal 'clk50MHzto1Hz:inst13|my_MOD10:div10_7|pstate.J'
Slack : 1.339
TNS   : 0.000

Type  : Slow 1100mV 85C Model Removal 'highforfive:inst15|myCount5:countforfive|laststate.s5'
Slack : 1.896
TNS   : 0.000

Type  : Slow 1100mV 85C Model Minimum Pulse Width 'clk50MHzto1Hz:inst13|my_MOD10:div10_7|pstate.J'
Slack : 9.294
TNS   : 0.000

Type  : Slow 1100mV 85C Model Minimum Pulse Width 'clk50MHzto1Hz:inst13|my_MOD10:div10_6|pstate.J'
Slack : 9.315
TNS   : 0.000

Type  : Slow 1100mV 85C Model Minimum Pulse Width 'clk50MHzto1Hz:inst13|my_MOD10:div10_2|pstate.J'
Slack : 9.364
TNS   : 0.000

Type  : Slow 1100mV 85C Model Minimum Pulse Width 'clk50MHzto1Hz:inst13|my_MOD10:div10_1|pstate.J'
Slack : 9.373
TNS   : 0.000

Type  : Slow 1100mV 85C Model Minimum Pulse Width 'clk50MHzto1Hz:inst13|my_MOD10:div10_3|pstate.J'
Slack : 9.375
TNS   : 0.000

Type  : Slow 1100mV 85C Model Minimum Pulse Width 'clk50MHzto1Hz:inst13|my_MOD10:div10_5|pstate.J'
Slack : 9.410
TNS   : 0.000

Type  : Slow 1100mV 85C Model Minimum Pulse Width 'clk50MHzto1Hz:inst13|my_MOD5:div5_1|pstate.E'
Slack : 9.423
TNS   : 0.000

Type  : Slow 1100mV 85C Model Minimum Pulse Width 'clk50MHzto1Hz:inst13|my_MOD10:div10_4|pstate.J'
Slack : 9.424
TNS   : 0.000

Type  : Slow 1100mV 85C Model Minimum Pulse Width 'CLOCK_50'
Slack : 59.071
TNS   : 0.000

Type  : Slow 1100mV 85C Model Minimum Pulse Width 'skeeballState:inst11|state[1]'
Slack : 99.132
TNS   : 0.000

Type  : Slow 1100mV 85C Model Minimum Pulse Width 'highforfive:inst14|myCount5:countforfive|laststate.s5'
Slack : 99.382
TNS   : 0.000

Type  : Slow 1100mV 85C Model Minimum Pulse Width 'highforfive:inst15|myCount5:countforfive|laststate.s5'
Slack : 99.399
TNS   : 0.000

Type  : Slow 1100mV 85C Model Minimum Pulse Width 'KEY[0]'
Slack : 113.849
TNS   : 0.000

Type  : Slow 1100mV 0C Model Setup 'skeeballState:inst11|state[1]'
Slack : -2.638
TNS   : -21.460

Type  : Slow 1100mV 0C Model Setup 'KEY[0]'
Slack : 1.029
TNS   : 0.000

Type  : Slow 1100mV 0C Model Setup 'CLOCK_50'
Slack : 1.412
TNS   : 0.000

Type  : Slow 1100mV 0C Model Setup 'clk50MHzto1Hz:inst13|my_MOD10:div10_6|pstate.J'
Slack : 7.415
TNS   : 0.000

Type  : Slow 1100mV 0C Model Setup 'clk50MHzto1Hz:inst13|my_MOD10:div10_5|pstate.J'
Slack : 7.447
TNS   : 0.000

Type  : Slow 1100mV 0C Model Setup 'clk50MHzto1Hz:inst13|my_MOD10:div10_1|pstate.J'
Slack : 7.450
TNS   : 0.000

Type  : Slow 1100mV 0C Model Setup 'clk50MHzto1Hz:inst13|my_MOD10:div10_2|pstate.J'
Slack : 7.532
TNS   : 0.000

Type  : Slow 1100mV 0C Model Setup 'clk50MHzto1Hz:inst13|my_MOD5:div5_1|pstate.E'
Slack : 7.581
TNS   : 0.000

Type  : Slow 1100mV 0C Model Setup 'clk50MHzto1Hz:inst13|my_MOD10:div10_3|pstate.J'
Slack : 7.587
TNS   : 0.000

Type  : Slow 1100mV 0C Model Setup 'clk50MHzto1Hz:inst13|my_MOD10:div10_4|pstate.J'
Slack : 7.629
TNS   : 0.000

Type  : Slow 1100mV 0C Model Setup 'clk50MHzto1Hz:inst13|my_MOD10:div10_7|pstate.J'
Slack : 17.500
TNS   : 0.000

Type  : Slow 1100mV 0C Model Hold 'CLOCK_50'
Slack : 0.168
TNS   : 0.000

Type  : Slow 1100mV 0C Model Hold 'clk50MHzto1Hz:inst13|my_MOD10:div10_6|pstate.J'
Slack : 0.469
TNS   : 0.000

Type  : Slow 1100mV 0C Model Hold 'clk50MHzto1Hz:inst13|my_MOD10:div10_3|pstate.J'
Slack : 0.477
TNS   : 0.000

Type  : Slow 1100mV 0C Model Hold 'clk50MHzto1Hz:inst13|my_MOD10:div10_2|pstate.J'
Slack : 0.496
TNS   : 0.000

Type  : Slow 1100mV 0C Model Hold 'clk50MHzto1Hz:inst13|my_MOD5:div5_1|pstate.E'
Slack : 0.521
TNS   : 0.000

Type  : Slow 1100mV 0C Model Hold 'clk50MHzto1Hz:inst13|my_MOD10:div10_1|pstate.J'
Slack : 0.566
TNS   : 0.000

Type  : Slow 1100mV 0C Model Hold 'clk50MHzto1Hz:inst13|my_MOD10:div10_4|pstate.J'
Slack : 0.577
TNS   : 0.000

Type  : Slow 1100mV 0C Model Hold 'clk50MHzto1Hz:inst13|my_MOD10:div10_5|pstate.J'
Slack : 0.597
TNS   : 0.000

Type  : Slow 1100mV 0C Model Hold 'KEY[0]'
Slack : 0.634
TNS   : 0.000

Type  : Slow 1100mV 0C Model Hold 'skeeballState:inst11|state[1]'
Slack : 0.877
TNS   : 0.000

Type  : Slow 1100mV 0C Model Hold 'clk50MHzto1Hz:inst13|my_MOD10:div10_7|pstate.J'
Slack : 0.878
TNS   : 0.000

Type  : Slow 1100mV 0C Model Recovery 'clk50MHzto1Hz:inst13|my_MOD10:div10_7|pstate.J'
Slack : 13.385
TNS   : 0.000

Type  : Slow 1100mV 0C Model Recovery 'highforfive:inst15|myCount5:countforfive|laststate.s5'
Slack : 33.376
TNS   : 0.000

Type  : Slow 1100mV 0C Model Recovery 'highforfive:inst14|myCount5:countforfive|laststate.s5'
Slack : 34.116
TNS   : 0.000

Type  : Slow 1100mV 0C Model Removal 'highforfive:inst14|myCount5:countforfive|laststate.s5'
Slack : 0.865
TNS   : 0.000

Type  : Slow 1100mV 0C Model Removal 'clk50MHzto1Hz:inst13|my_MOD10:div10_7|pstate.J'
Slack : 1.288
TNS   : 0.000

Type  : Slow 1100mV 0C Model Removal 'highforfive:inst15|myCount5:countforfive|laststate.s5'
Slack : 1.878
TNS   : 0.000

Type  : Slow 1100mV 0C Model Minimum Pulse Width 'clk50MHzto1Hz:inst13|my_MOD10:div10_7|pstate.J'
Slack : 9.313
TNS   : 0.000

Type  : Slow 1100mV 0C Model Minimum Pulse Width 'clk50MHzto1Hz:inst13|my_MOD10:div10_6|pstate.J'
Slack : 9.340
TNS   : 0.000

Type  : Slow 1100mV 0C Model Minimum Pulse Width 'clk50MHzto1Hz:inst13|my_MOD10:div10_3|pstate.J'
Slack : 9.366
TNS   : 0.000

Type  : Slow 1100mV 0C Model Minimum Pulse Width 'clk50MHzto1Hz:inst13|my_MOD10:div10_2|pstate.J'
Slack : 9.375
TNS   : 0.000

Type  : Slow 1100mV 0C Model Minimum Pulse Width 'clk50MHzto1Hz:inst13|my_MOD10:div10_1|pstate.J'
Slack : 9.382
TNS   : 0.000

Type  : Slow 1100mV 0C Model Minimum Pulse Width 'clk50MHzto1Hz:inst13|my_MOD10:div10_5|pstate.J'
Slack : 9.413
TNS   : 0.000

Type  : Slow 1100mV 0C Model Minimum Pulse Width 'clk50MHzto1Hz:inst13|my_MOD10:div10_4|pstate.J'
Slack : 9.426
TNS   : 0.000

Type  : Slow 1100mV 0C Model Minimum Pulse Width 'clk50MHzto1Hz:inst13|my_MOD5:div5_1|pstate.E'
Slack : 9.430
TNS   : 0.000

Type  : Slow 1100mV 0C Model Minimum Pulse Width 'CLOCK_50'
Slack : 59.036
TNS   : 0.000

Type  : Slow 1100mV 0C Model Minimum Pulse Width 'skeeballState:inst11|state[1]'
Slack : 99.148
TNS   : 0.000

Type  : Slow 1100mV 0C Model Minimum Pulse Width 'highforfive:inst14|myCount5:countforfive|laststate.s5'
Slack : 99.361
TNS   : 0.000

Type  : Slow 1100mV 0C Model Minimum Pulse Width 'highforfive:inst15|myCount5:countforfive|laststate.s5'
Slack : 99.373
TNS   : 0.000

Type  : Slow 1100mV 0C Model Minimum Pulse Width 'KEY[0]'
Slack : 113.855
TNS   : 0.000

Type  : Fast 1100mV 85C Model Setup 'skeeballState:inst11|state[1]'
Slack : 1.240
TNS   : 0.000

Type  : Fast 1100mV 85C Model Setup 'CLOCK_50'
Slack : 1.792
TNS   : 0.000

Type  : Fast 1100mV 85C Model Setup 'KEY[0]'
Slack : 3.159
TNS   : 0.000

Type  : Fast 1100mV 85C Model Setup 'clk50MHzto1Hz:inst13|my_MOD10:div10_6|pstate.J'
Slack : 7.991
TNS   : 0.000

Type  : Fast 1100mV 85C Model Setup 'clk50MHzto1Hz:inst13|my_MOD10:div10_1|pstate.J'
Slack : 8.025
TNS   : 0.000

Type  : Fast 1100mV 85C Model Setup 'clk50MHzto1Hz:inst13|my_MOD10:div10_5|pstate.J'
Slack : 8.045
TNS   : 0.000

Type  : Fast 1100mV 85C Model Setup 'clk50MHzto1Hz:inst13|my_MOD5:div5_1|pstate.E'
Slack : 8.066
TNS   : 0.000

Type  : Fast 1100mV 85C Model Setup 'clk50MHzto1Hz:inst13|my_MOD10:div10_2|pstate.J'
Slack : 8.117
TNS   : 0.000

Type  : Fast 1100mV 85C Model Setup 'clk50MHzto1Hz:inst13|my_MOD10:div10_3|pstate.J'
Slack : 8.188
TNS   : 0.000

Type  : Fast 1100mV 85C Model Setup 'clk50MHzto1Hz:inst13|my_MOD10:div10_4|pstate.J'
Slack : 8.210
TNS   : 0.000

Type  : Fast 1100mV 85C Model Setup 'clk50MHzto1Hz:inst13|my_MOD10:div10_7|pstate.J'
Slack : 18.183
TNS   : 0.000

Type  : Fast 1100mV 85C Model Hold 'clk50MHzto1Hz:inst13|my_MOD10:div10_2|pstate.J'
Slack : 0.152
TNS   : 0.000

Type  : Fast 1100mV 85C Model Hold 'clk50MHzto1Hz:inst13|my_MOD10:div10_3|pstate.J'
Slack : 0.155
TNS   : 0.000

Type  : Fast 1100mV 85C Model Hold 'clk50MHzto1Hz:inst13|my_MOD10:div10_6|pstate.J'
Slack : 0.171
TNS   : 0.000

Type  : Fast 1100mV 85C Model Hold 'CLOCK_50'
Slack : 0.182
TNS   : 0.000

Type  : Fast 1100mV 85C Model Hold 'clk50MHzto1Hz:inst13|my_MOD10:div10_4|pstate.J'
Slack : 0.219
TNS   : 0.000

Type  : Fast 1100mV 85C Model Hold 'clk50MHzto1Hz:inst13|my_MOD10:div10_1|pstate.J'
Slack : 0.257
TNS   : 0.000

Type  : Fast 1100mV 85C Model Hold 'clk50MHzto1Hz:inst13|my_MOD10:div10_5|pstate.J'
Slack : 0.259
TNS   : 0.000

Type  : Fast 1100mV 85C Model Hold 'clk50MHzto1Hz:inst13|my_MOD5:div5_1|pstate.E'
Slack : 0.259
TNS   : 0.000

Type  : Fast 1100mV 85C Model Hold 'clk50MHzto1Hz:inst13|my_MOD10:div10_7|pstate.J'
Slack : 0.445
TNS   : 0.000

Type  : Fast 1100mV 85C Model Hold 'skeeballState:inst11|state[1]'
Slack : 0.497
TNS   : 0.000

Type  : Fast 1100mV 85C Model Hold 'KEY[0]'
Slack : 0.633
TNS   : 0.000

Type  : Fast 1100mV 85C Model Recovery 'clk50MHzto1Hz:inst13|my_MOD10:div10_7|pstate.J'
Slack : 15.811
TNS   : 0.000

Type  : Fast 1100mV 85C Model Recovery 'highforfive:inst15|myCount5:countforfive|laststate.s5'
Slack : 35.760
TNS   : 0.000

Type  : Fast 1100mV 85C Model Recovery 'highforfive:inst14|myCount5:countforfive|laststate.s5'
Slack : 36.473
TNS   : 0.000

Type  : Fast 1100mV 85C Model Removal 'highforfive:inst14|myCount5:countforfive|laststate.s5'
Slack : 0.456
TNS   : 0.000

Type  : Fast 1100mV 85C Model Removal 'clk50MHzto1Hz:inst13|my_MOD10:div10_7|pstate.J'
Slack : 0.836
TNS   : 0.000

Type  : Fast 1100mV 85C Model Removal 'highforfive:inst15|myCount5:countforfive|laststate.s5'
Slack : 1.156
TNS   : 0.000

Type  : Fast 1100mV 85C Model Minimum Pulse Width 'clk50MHzto1Hz:inst13|my_MOD10:div10_6|pstate.J'
Slack : 9.542
TNS   : 0.000

Type  : Fast 1100mV 85C Model Minimum Pulse Width 'clk50MHzto1Hz:inst13|my_MOD10:div10_7|pstate.J'
Slack : 9.558
TNS   : 0.000

Type  : Fast 1100mV 85C Model Minimum Pulse Width 'clk50MHzto1Hz:inst13|my_MOD10:div10_2|pstate.J'
Slack : 9.578
TNS   : 0.000

Type  : Fast 1100mV 85C Model Minimum Pulse Width 'clk50MHzto1Hz:inst13|my_MOD10:div10_1|pstate.J'
Slack : 9.584
TNS   : 0.000

Type  : Fast 1100mV 85C Model Minimum Pulse Width 'clk50MHzto1Hz:inst13|my_MOD10:div10_3|pstate.J'
Slack : 9.596
TNS   : 0.000

Type  : Fast 1100mV 85C Model Minimum Pulse Width 'clk50MHzto1Hz:inst13|my_MOD5:div5_1|pstate.E'
Slack : 9.644
TNS   : 0.000

Type  : Fast 1100mV 85C Model Minimum Pulse Width 'clk50MHzto1Hz:inst13|my_MOD10:div10_4|pstate.J'
Slack : 9.645
TNS   : 0.000

Type  : Fast 1100mV 85C Model Minimum Pulse Width 'clk50MHzto1Hz:inst13|my_MOD10:div10_5|pstate.J'
Slack : 9.653
TNS   : 0.000

Type  : Fast 1100mV 85C Model Minimum Pulse Width 'CLOCK_50'
Slack : 59.014
TNS   : 0.000

Type  : Fast 1100mV 85C Model Minimum Pulse Width 'skeeballState:inst11|state[1]'
Slack : 99.351
TNS   : 0.000

Type  : Fast 1100mV 85C Model Minimum Pulse Width 'highforfive:inst14|myCount5:countforfive|laststate.s5'
Slack : 99.644
TNS   : 0.000

Type  : Fast 1100mV 85C Model Minimum Pulse Width 'highforfive:inst15|myCount5:countforfive|laststate.s5'
Slack : 99.655
TNS   : 0.000

Type  : Fast 1100mV 85C Model Minimum Pulse Width 'KEY[0]'
Slack : 113.816
TNS   : 0.000

Type  : Fast 1100mV 0C Model Setup 'CLOCK_50'
Slack : 2.142
TNS   : 0.000

Type  : Fast 1100mV 0C Model Setup 'skeeballState:inst11|state[1]'
Slack : 2.152
TNS   : 0.000

Type  : Fast 1100mV 0C Model Setup 'KEY[0]'
Slack : 4.110
TNS   : 0.000

Type  : Fast 1100mV 0C Model Setup 'clk50MHzto1Hz:inst13|my_MOD10:div10_6|pstate.J'
Slack : 8.181
TNS   : 0.000

Type  : Fast 1100mV 0C Model Setup 'clk50MHzto1Hz:inst13|my_MOD10:div10_1|pstate.J'
Slack : 8.200
TNS   : 0.000

Type  : Fast 1100mV 0C Model Setup 'clk50MHzto1Hz:inst13|my_MOD10:div10_5|pstate.J'
Slack : 8.210
TNS   : 0.000

Type  : Fast 1100mV 0C Model Setup 'clk50MHzto1Hz:inst13|my_MOD5:div5_1|pstate.E'
Slack : 8.240
TNS   : 0.000

Type  : Fast 1100mV 0C Model Setup 'clk50MHzto1Hz:inst13|my_MOD10:div10_2|pstate.J'
Slack : 8.277
TNS   : 0.000

Type  : Fast 1100mV 0C Model Setup 'clk50MHzto1Hz:inst13|my_MOD10:div10_3|pstate.J'
Slack : 8.332
TNS   : 0.000

Type  : Fast 1100mV 0C Model Setup 'clk50MHzto1Hz:inst13|my_MOD10:div10_4|pstate.J'
Slack : 8.345
TNS   : 0.000

Type  : Fast 1100mV 0C Model Setup 'clk50MHzto1Hz:inst13|my_MOD10:div10_7|pstate.J'
Slack : 18.324
TNS   : 0.000

Type  : Fast 1100mV 0C Model Hold 'CLOCK_50'
Slack : 0.000
TNS   : 0.000

Type  : Fast 1100mV 0C Model Hold 'clk50MHzto1Hz:inst13|my_MOD10:div10_2|pstate.J'
Slack : 0.106
TNS   : 0.000

Type  : Fast 1100mV 0C Model Hold 'clk50MHzto1Hz:inst13|my_MOD10:div10_6|pstate.J'
Slack : 0.106
TNS   : 0.000

Type  : Fast 1100mV 0C Model Hold 'clk50MHzto1Hz:inst13|my_MOD10:div10_3|pstate.J'
Slack : 0.113
TNS   : 0.000

Type  : Fast 1100mV 0C Model Hold 'clk50MHzto1Hz:inst13|my_MOD10:div10_4|pstate.J'
Slack : 0.180
TNS   : 0.000

Type  : Fast 1100mV 0C Model Hold 'clk50MHzto1Hz:inst13|my_MOD5:div5_1|pstate.E'
Slack : 0.186
TNS   : 0.000

Type  : Fast 1100mV 0C Model Hold 'clk50MHzto1Hz:inst13|my_MOD10:div10_1|pstate.J'
Slack : 0.200
TNS   : 0.000

Type  : Fast 1100mV 0C Model Hold 'clk50MHzto1Hz:inst13|my_MOD10:div10_5|pstate.J'
Slack : 0.206
TNS   : 0.000

Type  : Fast 1100mV 0C Model Hold 'clk50MHzto1Hz:inst13|my_MOD10:div10_7|pstate.J'
Slack : 0.395
TNS   : 0.000

Type  : Fast 1100mV 0C Model Hold 'KEY[0]'
Slack : 0.404
TNS   : 0.000

Type  : Fast 1100mV 0C Model Hold 'skeeballState:inst11|state[1]'
Slack : 0.440
TNS   : 0.000

Type  : Fast 1100mV 0C Model Recovery 'clk50MHzto1Hz:inst13|my_MOD10:div10_7|pstate.J'
Slack : 16.041
TNS   : 0.000

Type  : Fast 1100mV 0C Model Recovery 'highforfive:inst15|myCount5:countforfive|laststate.s5'
Slack : 36.018
TNS   : 0.000

Type  : Fast 1100mV 0C Model Recovery 'highforfive:inst14|myCount5:countforfive|laststate.s5'
Slack : 36.618
TNS   : 0.000

Type  : Fast 1100mV 0C Model Removal 'highforfive:inst14|myCount5:countforfive|laststate.s5'
Slack : 0.365
TNS   : 0.000

Type  : Fast 1100mV 0C Model Removal 'clk50MHzto1Hz:inst13|my_MOD10:div10_7|pstate.J'
Slack : 0.708
TNS   : 0.000

Type  : Fast 1100mV 0C Model Removal 'highforfive:inst15|myCount5:countforfive|laststate.s5'
Slack : 0.997
TNS   : 0.000

Type  : Fast 1100mV 0C Model Minimum Pulse Width 'clk50MHzto1Hz:inst13|my_MOD10:div10_6|pstate.J'
Slack : 9.572
TNS   : 0.000

Type  : Fast 1100mV 0C Model Minimum Pulse Width 'clk50MHzto1Hz:inst13|my_MOD10:div10_7|pstate.J'
Slack : 9.579
TNS   : 0.000

Type  : Fast 1100mV 0C Model Minimum Pulse Width 'clk50MHzto1Hz:inst13|my_MOD10:div10_2|pstate.J'
Slack : 9.600
TNS   : 0.000

Type  : Fast 1100mV 0C Model Minimum Pulse Width 'clk50MHzto1Hz:inst13|my_MOD10:div10_1|pstate.J'
Slack : 9.604
TNS   : 0.000

Type  : Fast 1100mV 0C Model Minimum Pulse Width 'clk50MHzto1Hz:inst13|my_MOD10:div10_3|pstate.J'
Slack : 9.604
TNS   : 0.000

Type  : Fast 1100mV 0C Model Minimum Pulse Width 'clk50MHzto1Hz:inst13|my_MOD5:div5_1|pstate.E'
Slack : 9.651
TNS   : 0.000

Type  : Fast 1100mV 0C Model Minimum Pulse Width 'clk50MHzto1Hz:inst13|my_MOD10:div10_4|pstate.J'
Slack : 9.652
TNS   : 0.000

Type  : Fast 1100mV 0C Model Minimum Pulse Width 'clk50MHzto1Hz:inst13|my_MOD10:div10_5|pstate.J'
Slack : 9.660
TNS   : 0.000

Type  : Fast 1100mV 0C Model Minimum Pulse Width 'CLOCK_50'
Slack : 59.012
TNS   : 0.000

Type  : Fast 1100mV 0C Model Minimum Pulse Width 'skeeballState:inst11|state[1]'
Slack : 99.408
TNS   : 0.000

Type  : Fast 1100mV 0C Model Minimum Pulse Width 'highforfive:inst14|myCount5:countforfive|laststate.s5'
Slack : 99.642
TNS   : 0.000

Type  : Fast 1100mV 0C Model Minimum Pulse Width 'highforfive:inst15|myCount5:countforfive|laststate.s5'
Slack : 99.653
TNS   : 0.000

Type  : Fast 1100mV 0C Model Minimum Pulse Width 'KEY[0]'
Slack : 113.858
TNS   : 0.000

------------------------------------------------------------
